Archive member included to satisfy reference by file (symbol)

c:/st/stm32cubeide_1.11.0/stm32cubeide/plugins/com.st.stm32cube.ide.mcu.externaltools.gnu-tools-for-stm32.10.3-2021.10.win32_1.0.100.202210260954/tools/bin/../lib/gcc/arm-none-eabi/10.3.1/../../../../arm-none-eabi/lib/thumb/v7-m/nofp\libc_nano.a(lib_a-errno.o)
                              ./Core/Src/syscalls.o (__errno)
c:/st/stm32cubeide_1.11.0/stm32cubeide/plugins/com.st.stm32cube.ide.mcu.externaltools.gnu-tools-for-stm32.10.3-2021.10.win32_1.0.100.202210260954/tools/bin/../lib/gcc/arm-none-eabi/10.3.1/../../../../arm-none-eabi/lib/thumb/v7-m/nofp\libc_nano.a(lib_a-exit.o)
                              c:/st/stm32cubeide_1.11.0/stm32cubeide/plugins/com.st.stm32cube.ide.mcu.externaltools.gnu-tools-for-stm32.10.3-2021.10.win32_1.0.100.202210260954/tools/bin/../lib/gcc/arm-none-eabi/10.3.1/../../../../arm-none-eabi/lib/thumb/v7-m/nofp/crt0.o (exit)
c:/st/stm32cubeide_1.11.0/stm32cubeide/plugins/com.st.stm32cube.ide.mcu.externaltools.gnu-tools-for-stm32.10.3-2021.10.win32_1.0.100.202210260954/tools/bin/../lib/gcc/arm-none-eabi/10.3.1/../../../../arm-none-eabi/lib/thumb/v7-m/nofp\libc_nano.a(lib_a-impure.o)
                              c:/st/stm32cubeide_1.11.0/stm32cubeide/plugins/com.st.stm32cube.ide.mcu.externaltools.gnu-tools-for-stm32.10.3-2021.10.win32_1.0.100.202210260954/tools/bin/../lib/gcc/arm-none-eabi/10.3.1/../../../../arm-none-eabi/lib/thumb/v7-m/nofp\libc_nano.a(lib_a-exit.o) (_global_impure_ptr)
c:/st/stm32cubeide_1.11.0/stm32cubeide/plugins/com.st.stm32cube.ide.mcu.externaltools.gnu-tools-for-stm32.10.3-2021.10.win32_1.0.100.202210260954/tools/bin/../lib/gcc/arm-none-eabi/10.3.1/../../../../arm-none-eabi/lib/thumb/v7-m/nofp\libc_nano.a(lib_a-init.o)
                              c:/st/stm32cubeide_1.11.0/stm32cubeide/plugins/com.st.stm32cube.ide.mcu.externaltools.gnu-tools-for-stm32.10.3-2021.10.win32_1.0.100.202210260954/tools/bin/../lib/gcc/arm-none-eabi/10.3.1/../../../../arm-none-eabi/lib/thumb/v7-m/nofp/crt0.o (__libc_init_array)
c:/st/stm32cubeide_1.11.0/stm32cubeide/plugins/com.st.stm32cube.ide.mcu.externaltools.gnu-tools-for-stm32.10.3-2021.10.win32_1.0.100.202210260954/tools/bin/../lib/gcc/arm-none-eabi/10.3.1/../../../../arm-none-eabi/lib/thumb/v7-m/nofp\libc_nano.a(lib_a-memset.o)
                              c:/st/stm32cubeide_1.11.0/stm32cubeide/plugins/com.st.stm32cube.ide.mcu.externaltools.gnu-tools-for-stm32.10.3-2021.10.win32_1.0.100.202210260954/tools/bin/../lib/gcc/arm-none-eabi/10.3.1/../../../../arm-none-eabi/lib/thumb/v7-m/nofp/crt0.o (memset)

Discarded input sections

 .text          0x0000000000000000        0x0 c:/st/stm32cubeide_1.11.0/stm32cubeide/plugins/com.st.stm32cube.ide.mcu.externaltools.gnu-tools-for-stm32.10.3-2021.10.win32_1.0.100.202210260954/tools/bin/../lib/gcc/arm-none-eabi/10.3.1/thumb/v7-m/nofp/crti.o
 .data          0x0000000000000000        0x0 c:/st/stm32cubeide_1.11.0/stm32cubeide/plugins/com.st.stm32cube.ide.mcu.externaltools.gnu-tools-for-stm32.10.3-2021.10.win32_1.0.100.202210260954/tools/bin/../lib/gcc/arm-none-eabi/10.3.1/thumb/v7-m/nofp/crti.o
 .bss           0x0000000000000000        0x0 c:/st/stm32cubeide_1.11.0/stm32cubeide/plugins/com.st.stm32cube.ide.mcu.externaltools.gnu-tools-for-stm32.10.3-2021.10.win32_1.0.100.202210260954/tools/bin/../lib/gcc/arm-none-eabi/10.3.1/thumb/v7-m/nofp/crti.o
 .data          0x0000000000000000        0x4 c:/st/stm32cubeide_1.11.0/stm32cubeide/plugins/com.st.stm32cube.ide.mcu.externaltools.gnu-tools-for-stm32.10.3-2021.10.win32_1.0.100.202210260954/tools/bin/../lib/gcc/arm-none-eabi/10.3.1/thumb/v7-m/nofp/crtbegin.o
 .rodata        0x0000000000000000       0x24 c:/st/stm32cubeide_1.11.0/stm32cubeide/plugins/com.st.stm32cube.ide.mcu.externaltools.gnu-tools-for-stm32.10.3-2021.10.win32_1.0.100.202210260954/tools/bin/../lib/gcc/arm-none-eabi/10.3.1/thumb/v7-m/nofp/crtbegin.o
 .text          0x0000000000000000       0x7c c:/st/stm32cubeide_1.11.0/stm32cubeide/plugins/com.st.stm32cube.ide.mcu.externaltools.gnu-tools-for-stm32.10.3-2021.10.win32_1.0.100.202210260954/tools/bin/../lib/gcc/arm-none-eabi/10.3.1/../../../../arm-none-eabi/lib/thumb/v7-m/nofp/crt0.o
 .data          0x0000000000000000        0x0 c:/st/stm32cubeide_1.11.0/stm32cubeide/plugins/com.st.stm32cube.ide.mcu.externaltools.gnu-tools-for-stm32.10.3-2021.10.win32_1.0.100.202210260954/tools/bin/../lib/gcc/arm-none-eabi/10.3.1/../../../../arm-none-eabi/lib/thumb/v7-m/nofp/crt0.o
 .bss           0x0000000000000000        0x0 c:/st/stm32cubeide_1.11.0/stm32cubeide/plugins/com.st.stm32cube.ide.mcu.externaltools.gnu-tools-for-stm32.10.3-2021.10.win32_1.0.100.202210260954/tools/bin/../lib/gcc/arm-none-eabi/10.3.1/../../../../arm-none-eabi/lib/thumb/v7-m/nofp/crt0.o
[...]
Memory Configuration

Name             Origin             Length             Attributes
RAM              0x0000000020000000 0x0000000000002800 xrw
FLASH            0x0000000008000000 0x0000000000008000 xr
*default*        0x0000000000000000 0xffffffffffffffff

Linker script and memory map

LOAD c:/st/stm32cubeide_1.11.0/stm32cubeide/plugins/com.st.stm32cube.ide.mcu.externaltools.gnu-tools-for-stm32.10.3-2021.10.win32_1.0.100.202210260954/tools/bin/../lib/gcc/arm-none-eabi/10.3.1/thumb/v7-m/nofp/crti.o
LOAD c:/st/stm32cubeide_1.11.0/stm32cubeide/plugins/com.st.stm32cube.ide.mcu.externaltools.gnu-tools-for-stm32.10.3-2021.10.win32_1.0.100.202210260954/tools/bin/../lib/gcc/arm-none-eabi/10.3.1/thumb/v7-m/nofp/crtbegin.o
LOAD c:/st/stm32cubeide_1.11.0/stm32cubeide/plugins/com.st.stm32cube.ide.mcu.externaltools.gnu-tools-for-stm32.10.3-2021.10.win32_1.0.100.202210260954/tools/bin/../lib/gcc/arm-none-eabi/10.3.1/../../../../arm-none-eabi/lib/thumb/v7-m/nofp/crt0.o
LOAD ./Core/Src/button.o
LOAD ./Core/Src/clock_manual.o
LOAD ./Core/Src/fsm_auto.o
LOAD ./Core/Src/global.o
LOAD ./Core/Src/led_disp.o
LOAD ./Core/Src/main.o
LOAD ./Core/Src/software_timer.o
LOAD ./Core/Src/stm32f1xx_hal_msp.o
LOAD ./Core/Src/stm32f1xx_it.o
LOAD ./Core/Src/syscalls.o
LOAD ./Core/Src/sysmem.o
LOAD ./Core/Src/system_stm32f1xx.o
LOAD ./Core/Startup/startup_stm32f103c6tx.o
LOAD ./Drivers/STM32F1xx_HAL_Driver/Src/stm32f1xx_hal.o
LOAD ./Drivers/STM32F1xx_HAL_Driver/Src/stm32f1xx_hal_cortex.o
LOAD ./Drivers/STM32F1xx_HAL_Driver/Src/stm32f1xx_hal_dma.o
LOAD ./Drivers/STM32F1xx_HAL_Driver/Src/stm32f1xx_hal_exti.o
LOAD ./Drivers/STM32F1xx_HAL_Driver/Src/stm32f1xx_hal_flash.o
LOAD ./Drivers/STM32F1xx_HAL_Driver/Src/stm32f1xx_hal_flash_ex.o
LOAD ./Drivers/STM32F1xx_HAL_Driver/Src/stm32f1xx_hal_gpio.o
LOAD ./Drivers/STM32F1xx_HAL_Driver/Src/stm32f1xx_hal_gpio_ex.o
LOAD ./Drivers/STM32F1xx_HAL_Driver/Src/stm32f1xx_hal_pwr.o
LOAD ./Drivers/STM32F1xx_HAL_Driver/Src/stm32f1xx_hal_rcc.o
LOAD ./Drivers/STM32F1xx_HAL_Driver/Src/stm32f1xx_hal_rcc_ex.o
LOAD ./Drivers/STM32F1xx_HAL_Driver/Src/stm32f1xx_hal_tim.o
LOAD ./Drivers/STM32F1xx_HAL_Driver/Src/stm32f1xx_hal_tim_ex.o
START GROUP
LOAD c:/st/stm32cubeide_1.11.0/stm32cubeide/plugins/com.st.stm32cube.ide.mcu.externaltools.gnu-tools-for-stm32.10.3-2021.10.win32_1.0.100.202210260954/tools/bin/../lib/gcc/arm-none-eabi/10.3.1/../../../../arm-none-eabi/lib/thumb/v7-m/nofp\libc_nano.a
LOAD c:/st/stm32cubeide_1.11.0/stm32cubeide/plugins/com.st.stm32cube.ide.mcu.externaltools.gnu-tools-for-stm32.10.3-2021.10.win32_1.0.100.202210260954/tools/bin/../lib/gcc/arm-none-eabi/10.3.1/../../../../arm-none-eabi/lib/thumb/v7-m/nofp\libm.a
END GROUP
START GROUP
LOAD c:/st/stm32cubeide_1.11.0/stm32cubeide/plugins/com.st.stm32cube.ide.mcu.externaltools.gnu-tools-for-stm32.10.3-2021.10.win32_1.0.100.202210260954/tools/bin/../lib/gcc/arm-none-eabi/10.3.1/thumb/v7-m/nofp\libgcc.a
LOAD c:/st/stm32cubeide_1.11.0/stm32cubeide/plugins/com.st.stm32cube.ide.mcu.externaltools.gnu-tools-for-stm32.10.3-2021.10.win32_1.0.100.202210260954/tools/bin/../lib/gcc/arm-none-eabi/10.3.1/../../../../arm-none-eabi/lib/thumb/v7-m/nofp\libc_nano.a
END GROUP
START GROUP
LOAD c:/st/stm32cubeide_1.11.0/stm32cubeide/plugins/com.st.stm32cube.ide.mcu.externaltools.gnu-tools-for-stm32.10.3-2021.10.win32_1.0.100.202210260954/tools/bin/../lib/gcc/arm-none-eabi/10.3.1/thumb/v7-m/nofp\libgcc.a
LOAD c:/st/stm32cubeide_1.11.0/stm32cubeide/plugins/com.st.stm32cube.ide.mcu.externaltools.gnu-tools-for-stm32.10.3-2021.10.win32_1.0.100.202210260954/tools/bin/../lib/gcc/arm-none-eabi/10.3.1/../../../../arm-none-eabi/lib/thumb/v7-m/nofp\libc_nano.a
LOAD c:/st/stm32cubeide_1.11.0/stm32cubeide/plugins/com.st.stm32cube.ide.mcu.externaltools.gnu-tools-for-stm32.10.3-2021.10.win32_1.0.100.202210260954/tools/bin/../lib/gcc/arm-none-eabi/10.3.1/../../../../arm-none-eabi/lib/thumb/v7-m/nofp\libnosys.a
END GROUP
START GROUP
LOAD c:/st/stm32cubeide_1.11.0/stm32cubeide/plugins/com.st.stm32cube.ide.mcu.externaltools.gnu-tools-for-stm32.10.3-2021.10.win32_1.0.100.202210260954/tools/bin/../lib/gcc/arm-none-eabi/10.3.1/thumb/v7-m/nofp\libgcc.a
LOAD c:/st/stm32cubeide_1.11.0/stm32cubeide/plugins/com.st.stm32cube.ide.mcu.externaltools.gnu-tools-for-stm32.10.3-2021.10.win32_1.0.100.202210260954/tools/bin/../lib/gcc/arm-none-eabi/10.3.1/../../../../arm-none-eabi/lib/thumb/v7-m/nofp\libc_nano.a
LOAD c:/st/stm32cubeide_1.11.0/stm32cubeide/plugins/com.st.stm32cube.ide.mcu.externaltools.gnu-tools-for-stm32.10.3-2021.10.win32_1.0.100.202210260954/tools/bin/../lib/gcc/arm-none-eabi/10.3.1/../../../../arm-none-eabi/lib/thumb/v7-m/nofp\libnosys.a
END GROUP
LOAD c:/st/stm32cubeide_1.11.0/stm32cubeide/plugins/com.st.stm32cube.ide.mcu.externaltools.gnu-tools-for-stm32.10.3-2021.10.win32_1.0.100.202210260954/tools/bin/../lib/gcc/arm-none-eabi/10.3.1/thumb/v7-m/nofp/crtend.o
LOAD c:/st/stm32cubeide_1.11.0/stm32cubeide/plugins/com.st.stm32cube.ide.mcu.externaltools.gnu-tools-for-stm32.10.3-2021.10.win32_1.0.100.202210260954/tools/bin/../lib/gcc/arm-none-eabi/10.3.1/thumb/v7-m/nofp/crtn.o
                0x0000000020002800                _estack = (ORIGIN (RAM) + LENGTH (RAM))
                0x0000000000000200                _Min_Heap_Size = 0x200
                0x0000000000000400                _Min_Stack_Size = 0x400

.isr_vector     0x0000000008000000      0x10c
                0x0000000008000000                . = ALIGN (0x4)
 *(.isr_vector)
 .isr_vector    0x0000000008000000      0x10c ./Core/Startup/startup_stm32f103c6tx.o
                0x0000000008000000                g_pfnVectors
                0x000000000800010c                . = ALIGN (0x4)

.text           0x000000000800010c     0x1cbc
                0x000000000800010c                . = ALIGN (0x4)
 *(.text)
 .text          0x000000000800010c       0x40 c:/st/stm32cubeide_1.11.0/stm32cubeide/plugins/com.st.stm32cube.ide.mcu.externaltools.gnu-tools-for-stm32.10.3-2021.10.win32_1.0.100.202210260954/tools/bin/../lib/gcc/arm-none-eabi/10.3.1/thumb/v7-m/nofp/crtbegin.o
 *(.text*)
 .text.subKeyProcess
                0x000000000800014c       0x20 ./Core/Src/button.o
                0x000000000800014c                subKeyProcess
 .text.getKeyInput
                0x000000000800016c       0xd8 ./Core/Src/button.o
                0x000000000800016c                getKeyInput
 .text.Setup    0x0000000008000244       0x54 ./Core/Src/global.o
                0x0000000008000244                Setup
 .text.set_Number_on_Clock
                0x0000000008000298       0x2c ./Core/Src/led_disp.o
                0x0000000008000298                set_Number_on_Clock
 .text.main     0x00000000080002c4       0x38 ./Core/Src/main.o
                0x00000000080002c4                main
 .text.SystemClock_Config
                0x00000000080002fc       0x76 ./Core/Src/main.o
                0x00000000080002fc                SystemClock_Config
 *fill*         0x0000000008000372        0x2 
 .text.MX_TIM2_Init
                0x0000000008000374       0x98 ./Core/Src/main.o
 .text.MX_GPIO_Init
                0x000000000800040c       0x9c ./Core/Src/main.o
 .text.HAL_TIM_PeriodElapsedCallback
                0x00000000080004a8       0x18 ./Core/Src/main.o
                0x00000000080004a8                HAL_TIM_PeriodElapsedCallback
 .text.Error_Handler
                0x00000000080004c0        0xa ./Core/Src/main.o
                0x00000000080004c0                Error_Handler
 *fill*         0x00000000080004ca        0x2 
 .text.timerRun
                0x00000000080004cc      0x174 ./Core/Src/software_timer.o
                0x00000000080004cc                timerRun
 .text.HAL_MspInit
                0x0000000008000640       0x44 ./Core/Src/stm32f1xx_hal_msp.o
                0x0000000008000640                HAL_MspInit
 .text.HAL_TIM_Base_MspInit
                0x0000000008000684       0x48 ./Core/Src/stm32f1xx_hal_msp.o
                0x0000000008000684                HAL_TIM_Base_MspInit
 .text.NMI_Handler
                0x00000000080006cc        0x6 ./Core/Src/stm32f1xx_it.o
                0x00000000080006cc                NMI_Handler
 .text.HardFault_Handler
                0x00000000080006d2        0x6 ./Core/Src/stm32f1xx_it.o
                0x00000000080006d2                HardFault_Handler
 .text.MemManage_Handler
                0x00000000080006d8        0x6 ./Core/Src/stm32f1xx_it.o
                0x00000000080006d8                MemManage_Handler
 .text.BusFault_Handler
                0x00000000080006de        0x6 ./Core/Src/stm32f1xx_it.o
                0x00000000080006de                BusFault_Handler
 .text.UsageFault_Handler
                0x00000000080006e4        0x6 ./Core/Src/stm32f1xx_it.o
                0x00000000080006e4                UsageFault_Handler
 .text.SVC_Handler
                0x00000000080006ea        0xc ./Core/Src/stm32f1xx_it.o
                0x00000000080006ea                SVC_Handler
 .text.DebugMon_Handler
                0x00000000080006f6        0xc ./Core/Src/stm32f1xx_it.o
                0x00000000080006f6                DebugMon_Handler
 .text.PendSV_Handler
                0x0000000008000702        0xc ./Core/Src/stm32f1xx_it.o
                0x0000000008000702                PendSV_Handler
 .text.SysTick_Handler
                0x000000000800070e        0xc ./Core/Src/stm32f1xx_it.o
                0x000000000800070e                SysTick_Handler
 *fill*         0x000000000800071a        0x2 
 .text.TIM2_IRQHandler
                0x000000000800071c       0x14 ./Core/Src/stm32f1xx_it.o
                0x000000000800071c                TIM2_IRQHandler
 .text.SystemInit
                0x0000000008000730        0xc ./Core/Src/system_stm32f1xx.o
                0x0000000008000730                SystemInit
 .text.Reset_Handler
                0x000000000800073c       0x48 ./Core/Startup/startup_stm32f103c6tx.o
                0x000000000800073c                Reset_Handler
 .text.Default_Handler
                0x0000000008000784        0x2 ./Core/Startup/startup_stm32f103c6tx.o
                0x0000000008000784                RTC_Alarm_IRQHandler
                0x0000000008000784                EXTI2_IRQHandler
                0x0000000008000784                TIM1_CC_IRQHandler
                0x0000000008000784                PVD_IRQHandler
                0x0000000008000784                EXTI3_IRQHandler
                0x0000000008000784                EXTI0_IRQHandler
                0x0000000008000784                ADC1_2_IRQHandler
                0x0000000008000784                SPI1_IRQHandler
                0x0000000008000784                TAMPER_IRQHandler
                0x0000000008000784                DMA1_Channel4_IRQHandler
                0x0000000008000784                RTC_IRQHandler
                0x0000000008000784                DMA1_Channel7_IRQHandler
                0x0000000008000784                CAN1_RX1_IRQHandler
                0x0000000008000784                I2C1_EV_IRQHandler
                0x0000000008000784                DMA1_Channel6_IRQHandler
                0x0000000008000784                TIM3_IRQHandler
                0x0000000008000784                RCC_IRQHandler
                0x0000000008000784                TIM1_TRG_COM_IRQHandler
                0x0000000008000784                DMA1_Channel1_IRQHandler
                0x0000000008000784                Default_Handler
                0x0000000008000784                EXTI15_10_IRQHandler
                0x0000000008000784                EXTI9_5_IRQHandler
                0x0000000008000784                DMA1_Channel5_IRQHandler
                0x0000000008000784                EXTI4_IRQHandler
                0x0000000008000784                USB_LP_CAN1_RX0_IRQHandler
                0x0000000008000784                USB_HP_CAN1_TX_IRQHandler
                0x0000000008000784                DMA1_Channel3_IRQHandler
                0x0000000008000784                TIM1_UP_IRQHandler
                0x0000000008000784                WWDG_IRQHandler
                0x0000000008000784                TIM1_BRK_IRQHandler
                0x0000000008000784                EXTI1_IRQHandler
                0x0000000008000784                USART2_IRQHandler
                0x0000000008000784                DMA1_Channel2_IRQHandler
                0x0000000008000784                CAN1_SCE_IRQHandler
                0x0000000008000784                FLASH_IRQHandler
                0x0000000008000784                USART1_IRQHandler
                0x0000000008000784                I2C1_ER_IRQHandler
                0x0000000008000784                USBWakeUp_IRQHandler
 *fill*         0x0000000008000786        0x2 
 .text.HAL_Init
                0x0000000008000788       0x2c ./Drivers/STM32F1xx_HAL_Driver/Src/stm32f1xx_hal.o
                0x0000000008000788                HAL_Init
 .text.HAL_InitTick
                0x00000000080007b4       0x60 ./Drivers/STM32F1xx_HAL_Driver/Src/stm32f1xx_hal.o
                0x00000000080007b4                HAL_InitTick
 .text.HAL_IncTick
                0x0000000008000814       0x24 ./Drivers/STM32F1xx_HAL_Driver/Src/stm32f1xx_hal.o
                0x0000000008000814                HAL_IncTick
 .text.HAL_GetTick
                0x0000000008000838       0x14 ./Drivers/STM32F1xx_HAL_Driver/Src/stm32f1xx_hal.o
                0x0000000008000838                HAL_GetTick
 .text.__NVIC_SetPriorityGrouping
                0x000000000800084c       0x48 ./Drivers/STM32F1xx_HAL_Driver/Src/stm32f1xx_hal_cortex.o
 .text.__NVIC_GetPriorityGrouping
                0x0000000008000894       0x1c ./Drivers/STM32F1xx_HAL_Driver/Src/stm32f1xx_hal_cortex.o
 .text.__NVIC_EnableIRQ
                0x00000000080008b0       0x38 ./Drivers/STM32F1xx_HAL_Driver/Src/stm32f1xx_hal_cortex.o
 .text.__NVIC_SetPriority
                0x00000000080008e8       0x54 ./Drivers/STM32F1xx_HAL_Driver/Src/stm32f1xx_hal_cortex.o
 .text.NVIC_EncodePriority
                0x000000000800093c       0x64 ./Drivers/STM32F1xx_HAL_Driver/Src/stm32f1xx_hal_cortex.o
 .text.SysTick_Config
                0x00000000080009a0       0x44 ./Drivers/STM32F1xx_HAL_Driver/Src/stm32f1xx_hal_cortex.o
 .text.HAL_NVIC_SetPriorityGrouping
                0x00000000080009e4       0x16 ./Drivers/STM32F1xx_HAL_Driver/Src/stm32f1xx_hal_cortex.o
                0x00000000080009e4                HAL_NVIC_SetPriorityGrouping
 .text.HAL_NVIC_SetPriority
                0x00000000080009fa       0x38 ./Drivers/STM32F1xx_HAL_Driver/Src/stm32f1xx_hal_cortex.o
                0x00000000080009fa                HAL_NVIC_SetPriority
 .text.HAL_NVIC_EnableIRQ
                0x0000000008000a32       0x1c ./Drivers/STM32F1xx_HAL_Driver/Src/stm32f1xx_hal_cortex.o
                0x0000000008000a32                HAL_NVIC_EnableIRQ
 .text.HAL_SYSTICK_Config
                0x0000000008000a4e       0x18 ./Drivers/STM32F1xx_HAL_Driver/Src/stm32f1xx_hal_cortex.o
                0x0000000008000a4e                HAL_SYSTICK_Config
 *fill*         0x0000000008000a66        0x2 
 .text.HAL_GPIO_Init
                0x0000000008000a68      0x2f8 ./Drivers/STM32F1xx_HAL_Driver/Src/stm32f1xx_hal_gpio.o
                0x0000000008000a68                HAL_GPIO_Init
 .text.HAL_GPIO_ReadPin
                0x0000000008000d60       0x2e ./Drivers/STM32F1xx_HAL_Driver/Src/stm32f1xx_hal_gpio.o
                0x0000000008000d60                HAL_GPIO_ReadPin
 .text.HAL_GPIO_WritePin
                0x0000000008000d8e       0x30 ./Drivers/STM32F1xx_HAL_Driver/Src/stm32f1xx_hal_gpio.o
                0x0000000008000d8e                HAL_GPIO_WritePin
 *fill*         0x0000000008000dbe        0x2 
 .text.HAL_RCC_OscConfig
                0x0000000008000dc0      0x504 ./Drivers/STM32F1xx_HAL_Driver/Src/stm32f1xx_hal_rcc.o
                0x0000000008000dc0                HAL_RCC_OscConfig
 .text.HAL_RCC_ClockConfig
                0x00000000080012c4      0x1d4 ./Drivers/STM32F1xx_HAL_Driver/Src/stm32f1xx_hal_rcc.o
                0x00000000080012c4                HAL_RCC_ClockConfig
 .text.HAL_RCC_GetSysClockFreq
                0x0000000008001498       0xbc ./Drivers/STM32F1xx_HAL_Driver/Src/stm32f1xx_hal_rcc.o
                0x0000000008001498                HAL_RCC_GetSysClockFreq
 .text.RCC_Delay
                0x0000000008001554       0x3c ./Drivers/STM32F1xx_HAL_Driver/Src/stm32f1xx_hal_rcc.o
 .text.HAL_TIM_Base_Init
                0x0000000008001590       0x9e ./Drivers/STM32F1xx_HAL_Driver/Src/stm32f1xx_hal_tim.o
                0x0000000008001590                HAL_TIM_Base_Init
 *fill*         0x000000000800162e        0x2 
 .text.HAL_TIM_Base_Start_IT
                0x0000000008001630       0x98 ./Drivers/STM32F1xx_HAL_Driver/Src/stm32f1xx_hal_tim.o
                0x0000000008001630                HAL_TIM_Base_Start_IT
 .text.HAL_TIM_IRQHandler
                0x00000000080016c8      0x210 ./Drivers/STM32F1xx_HAL_Driver/Src/stm32f1xx_hal_tim.o
                0x00000000080016c8                HAL_TIM_IRQHandler
 .text.HAL_TIM_ConfigClockSource
                0x00000000080018d8      0x188 ./Drivers/STM32F1xx_HAL_Driver/Src/stm32f1xx_hal_tim.o
                0x00000000080018d8                HAL_TIM_ConfigClockSource
 .text.HAL_TIM_OC_DelayElapsedCallback
                0x0000000008001a60       0x12 ./Drivers/STM32F1xx_HAL_Driver/Src/stm32f1xx_hal_tim.o
                0x0000000008001a60                HAL_TIM_OC_DelayElapsedCallback
 .text.HAL_TIM_IC_CaptureCallback
                0x0000000008001a72       0x12 ./Drivers/STM32F1xx_HAL_Driver/Src/stm32f1xx_hal_tim.o
                0x0000000008001a72                HAL_TIM_IC_CaptureCallback
 .text.HAL_TIM_PWM_PulseFinishedCallback
                0x0000000008001a84       0x12 ./Drivers/STM32F1xx_HAL_Driver/Src/stm32f1xx_hal_tim.o
                0x0000000008001a84                HAL_TIM_PWM_PulseFinishedCallback
 .text.HAL_TIM_TriggerCallback
                0x0000000008001a96       0x12 ./Drivers/STM32F1xx_HAL_Driver/Src/stm32f1xx_hal_tim.o
                0x0000000008001a96                HAL_TIM_TriggerCallback
 .text.TIM_Base_SetConfig
                0x0000000008001aa8       0xb0 ./Drivers/STM32F1xx_HAL_Driver/Src/stm32f1xx_hal_tim.o
                0x0000000008001aa8                TIM_Base_SetConfig
 .text.TIM_TI1_ConfigInputStage
                0x0000000008001b58       0x5c ./Drivers/STM32F1xx_HAL_Driver/Src/stm32f1xx_hal_tim.o
 .text.TIM_TI2_ConfigInputStage
                0x0000000008001bb4       0x5e ./Drivers/STM32F1xx_HAL_Driver/Src/stm32f1xx_hal_tim.o
 .text.TIM_ITRx_SetConfig
                0x0000000008001c12       0x34 ./Drivers/STM32F1xx_HAL_Driver/Src/stm32f1xx_hal_tim.o
 .text.TIM_ETR_SetConfig
                0x0000000008001c46       0x3e ./Drivers/STM32F1xx_HAL_Driver/Src/stm32f1xx_hal_tim.o
                0x0000000008001c46                TIM_ETR_SetConfig
 .text.HAL_TIMEx_MasterConfigSynchronization
                0x0000000008001c84       0xb0 ./Drivers/STM32F1xx_HAL_Driver/Src/stm32f1xx_hal_tim_ex.o
                0x0000000008001c84                HAL_TIMEx_MasterConfigSynchronization
 .text.HAL_TIMEx_CommutCallback
                0x0000000008001d34       0x12 ./Drivers/STM32F1xx_HAL_Driver/Src/stm32f1xx_hal_tim_ex.o
                0x0000000008001d34                HAL_TIMEx_CommutCallback
 .text.HAL_TIMEx_BreakCallback
                0x0000000008001d46       0x12 ./Drivers/STM32F1xx_HAL_Driver/Src/stm32f1xx_hal_tim_ex.o
                0x0000000008001d46                HAL_TIMEx_BreakCallback
 .text.__libc_init_array
                0x0000000008001d58       0x48 c:/st/stm32cubeide_1.11.0/stm32cubeide/plugins/com.st.stm32cube.ide.mcu.externaltools.gnu-tools-for-stm32.10.3-2021.10.win32_1.0.100.202210260954/tools/bin/../lib/gcc/arm-none-eabi/10.3.1/../../../../arm-none-eabi/lib/thumb/v7-m/nofp\libc_nano.a(lib_a-init.o)
                0x0000000008001d58                __libc_init_array
 .text.memset   0x0000000008001da0       0x10 c:/st/stm32cubeide_1.11.0/stm32cubeide/plugins/com.st.stm32cube.ide.mcu.externaltools.gnu-tools-for-stm32.10.3-2021.10.win32_1.0.100.202210260954/tools/bin/../lib/gcc/arm-none-eabi/10.3.1/../../../../arm-none-eabi/lib/thumb/v7-m/nofp\libc_nano.a(lib_a-memset.o)
                0x0000000008001da0                memset
 *(.glue_7)
 .glue_7        0x0000000008001db0        0x0 linker stubs
 *(.glue_7t)
 .glue_7t       0x0000000008001db0        0x0 linker stubs
 *(.eh_frame)
 .eh_frame      0x0000000008001db0        0x0 c:/st/stm32cubeide_1.11.0/stm32cubeide/plugins/com.st.stm32cube.ide.mcu.externaltools.gnu-tools-for-stm32.10.3-2021.10.win32_1.0.100.202210260954/tools/bin/../lib/gcc/arm-none-eabi/10.3.1/thumb/v7-m/nofp/crtbegin.o
 *(.init)
 .init          0x0000000008001db0        0x4 c:/st/stm32cubeide_1.11.0/stm32cubeide/plugins/com.st.stm32cube.ide.mcu.externaltools.gnu-tools-for-stm32.10.3-2021.10.win32_1.0.100.202210260954/tools/bin/../lib/gcc/arm-none-eabi/10.3.1/thumb/v7-m/nofp/crti.o
                0x0000000008001db0                _init
 .init          0x0000000008001db4        0x8 c:/st/stm32cubeide_1.11.0/stm32cubeide/plugins/com.st.stm32cube.ide.mcu.externaltools.gnu-tools-for-stm32.10.3-2021.10.win32_1.0.100.202210260954/tools/bin/../lib/gcc/arm-none-eabi/10.3.1/thumb/v7-m/nofp/crtn.o
 *(.fini)
 .fini          0x0000000008001dbc        0x4 c:/st/stm32cubeide_1.11.0/stm32cubeide/plugins/com.st.stm32cube.ide.mcu.externaltools.gnu-tools-for-stm32.10.3-2021.10.win32_1.0.100.202210260954/tools/bin/../lib/gcc/arm-none-eabi/10.3.1/thumb/v7-m/nofp/crti.o
                0x0000000008001dbc                _fini
 .fini          0x0000000008001dc0        0x8 c:/st/stm32cubeide_1.11.0/stm32cubeide/plugins/com.st.stm32cube.ide.mcu.externaltools.gnu-tools-for-stm32.10.3-2021.10.win32_1.0.100.202210260954/tools/bin/../lib/gcc/arm-none-eabi/10.3.1/thumb/v7-m/nofp/crtn.o
                0x0000000008001dc8                . = ALIGN (0x4)
                0x0000000008001dc8                _etext = .

.vfp11_veneer   0x0000000008001dc8        0x0
 .vfp11_veneer  0x0000000008001dc8        0x0 linker stubs

.v4_bx          0x0000000008001dc8        0x0
 .v4_bx         0x0000000008001dc8        0x0 linker stubs

.iplt           0x0000000008001dc8        0x0
 .iplt          0x0000000008001dc8        0x0 c:/st/stm32cubeide_1.11.0/stm32cubeide/plugins/com.st.stm32cube.ide.mcu.externaltools.gnu-tools-for-stm32.10.3-2021.10.win32_1.0.100.202210260954/tools/bin/../lib/gcc/arm-none-eabi/10.3.1/thumb/v7-m/nofp/crtbegin.o

.rodata         0x0000000008001dc8       0x20
                0x0000000008001dc8                . = ALIGN (0x4)
 *(.rodata)
 .rodata        0x0000000008001dc8       0x10 ./Drivers/STM32F1xx_HAL_Driver/Src/stm32f1xx_hal_rcc.o
 *(.rodata*)
 .rodata.AHBPrescTable
                0x0000000008001dd8       0x10 ./Core/Src/system_stm32f1xx.o
                0x0000000008001dd8                AHBPrescTable
                0x0000000008001de8                . = ALIGN (0x4)

.rel.dyn        0x0000000008001de8        0x0
 .rel.iplt      0x0000000008001de8        0x0 c:/st/stm32cubeide_1.11.0/stm32cubeide/plugins/com.st.stm32cube.ide.mcu.externaltools.gnu-tools-for-stm32.10.3-2021.10.win32_1.0.100.202210260954/tools/bin/../lib/gcc/arm-none-eabi/10.3.1/thumb/v7-m/nofp/crtbegin.o

.ARM.extab      0x0000000008001de8        0x0
                0x0000000008001de8                . = ALIGN (0x4)
 *(.ARM.extab* .gnu.linkonce.armextab.*)
                0x0000000008001de8                . = ALIGN (0x4)

.ARM            0x0000000008001de8        0x0
                0x0000000008001de8                . = ALIGN (0x4)
                0x0000000008001de8                __exidx_start = .
 *(.ARM.exidx*)
                0x0000000008001de8                __exidx_end = .
                0x0000000008001de8                . = ALIGN (0x4)

.preinit_array  0x0000000008001de8        0x0
                0x0000000008001de8                . = ALIGN (0x4)
                0x0000000008001de8                PROVIDE (__preinit_array_start = .)
 *(.preinit_array*)
                0x0000000008001de8                PROVIDE (__preinit_array_end = .)
                0x0000000008001de8                . = ALIGN (0x4)

.init_array     0x0000000008001de8        0x4
                0x0000000008001de8                . = ALIGN (0x4)
                0x0000000008001de8                PROVIDE (__init_array_start = .)
 *(SORT_BY_NAME(.init_array.*))
 *(.init_array*)
 .init_array    0x0000000008001de8        0x4 c:/st/stm32cubeide_1.11.0/stm32cubeide/plugins/com.st.stm32cube.ide.mcu.externaltools.gnu-tools-for-stm32.10.3-2021.10.win32_1.0.100.202210260954/tools/bin/../lib/gcc/arm-none-eabi/10.3.1/thumb/v7-m/nofp/crtbegin.o
                0x0000000008001dec                PROVIDE (__init_array_end = .)
                0x0000000008001dec                . = ALIGN (0x4)

.fini_array     0x0000000008001dec        0x4
                0x0000000008001dec                . = ALIGN (0x4)
                [!provide]                        PROVIDE (__fini_array_start = .)
 *(SORT_BY_NAME(.fini_array.*))
 *(.fini_array*)
 .fini_array    0x0000000008001dec        0x4 c:/st/stm32cubeide_1.11.0/stm32cubeide/plugins/com.st.stm32cube.ide.mcu.externaltools.gnu-tools-for-stm32.10.3-2021.10.win32_1.0.100.202210260954/tools/bin/../lib/gcc/arm-none-eabi/10.3.1/thumb/v7-m/nofp/crtbegin.o
                [!provide]                        PROVIDE (__fini_array_end = .)
                0x0000000008001df0                . = ALIGN (0x4)
                0x0000000008001df0                _sidata = LOADADDR (.data)

.data           0x0000000020000000       0x78 load address 0x0000000008001df0
                0x0000000020000000                . = ALIGN (0x4)
                0x0000000020000000                _sdata = .
 *(.data)
 *(.data*)
 .data.KeyReg0  0x0000000020000000        0xc ./Core/Src/button.o
                0x0000000020000000                KeyReg0
 .data.KeyReg1  0x000000002000000c        0xc ./Core/Src/button.o
                0x000000002000000c                KeyReg1
 .data.KeyReg2  0x0000000020000018        0xc ./Core/Src/button.o
                0x0000000020000018                KeyReg2
 .data.KeyReg3  0x0000000020000024        0xc ./Core/Src/button.o
                0x0000000020000024                KeyReg3
 .data.Button   0x0000000020000030        0xc ./Core/Src/button.o
                0x0000000020000030                Button
 .data.leds     0x000000002000003c       0x30 ./Core/Src/global.o
                0x000000002000003c                leds
 .data.SystemCoreClock
                0x000000002000006c        0x4 ./Core/Src/system_stm32f1xx.o
                0x000000002000006c                SystemCoreClock
 .data.uwTickPrio
                0x0000000020000070        0x4 ./Drivers/STM32F1xx_HAL_Driver/Src/stm32f1xx_hal.o
                0x0000000020000070                uwTickPrio
 .data.uwTickFreq
                0x0000000020000074        0x1 ./Drivers/STM32F1xx_HAL_Driver/Src/stm32f1xx_hal.o
                0x0000000020000074                uwTickFreq
 *(.RamFunc)
 *(.RamFunc*)
                0x0000000020000078                . = ALIGN (0x4)
 *fill*         0x0000000020000075        0x3 
                0x0000000020000078                _edata = .

.igot.plt       0x0000000020000078        0x0 load address 0x0000000008001e68
 .igot.plt      0x0000000020000078        0x0 c:/st/stm32cubeide_1.11.0/stm32cubeide/plugins/com.st.stm32cube.ide.mcu.externaltools.gnu-tools-for-stm32.10.3-2021.10.win32_1.0.100.202210260954/tools/bin/../lib/gcc/arm-none-eabi/10.3.1/thumb/v7-m/nofp/crtbegin.o
                0x0000000020000078                . = ALIGN (0x4)

.bss            0x0000000020000078       0xd8 load address 0x0000000008001e68
                0x0000000020000078                _sbss = .
                0x0000000020000078                __bss_start__ = _sbss
 *(.bss)
 .bss           0x0000000020000078       0x1c c:/st/stm32cubeide_1.11.0/stm32cubeide/plugins/com.st.stm32cube.ide.mcu.externaltools.gnu-tools-for-stm32.10.3-2021.10.win32_1.0.100.202210260954/tools/bin/../lib/gcc/arm-none-eabi/10.3.1/thumb/v7-m/nofp/crtbegin.o
 *(.bss*)
 .bss.button_flag
                0x0000000020000094        0xc ./Core/Src/button.o
                0x0000000020000094                button_flag
 .bss.Stat_M2_1
                0x00000000200000a0        0x4 ./Core/Src/global.o
                0x00000000200000a0                Stat_M2_1
 .bss.Stat_M2_2
                0x00000000200000a4        0x4 ./Core/Src/global.o
                0x00000000200000a4                Stat_M2_2
 .bss.Second_count
                0x00000000200000a8        0x4 ./Core/Src/global.o
                0x00000000200000a8                Second_count
 .bss.Minute_count
                0x00000000200000ac        0x4 ./Core/Src/global.o
                0x00000000200000ac                Minute_count
 .bss.Hour_count
                0x00000000200000b0        0x4 ./Core/Src/global.o
                0x00000000200000b0                Hour_count
 .bss.mode      0x00000000200000b4        0x4 ./Core/Src/global.o
                0x00000000200000b4                mode
 .bss.stat      0x00000000200000b8        0x4 ./Core/Src/global.o
                0x00000000200000b8                stat
 .bss.htim2     0x00000000200000bc       0x48 ./Core/Src/main.o
                0x00000000200000bc                htim2
 .bss.timer1_counter
                0x0000000020000104        0x4 ./Core/Src/software_timer.o
                0x0000000020000104                timer1_counter
 .bss.timer1_flag
                0x0000000020000108        0x4 ./Core/Src/software_timer.o
                0x0000000020000108                timer1_flag
 .bss.timer2_counter
                0x000000002000010c        0x4 ./Core/Src/software_timer.o
                0x000000002000010c                timer2_counter
 .bss.timer2_flag
                0x0000000020000110        0x4 ./Core/Src/software_timer.o
                0x0000000020000110                timer2_flag
 .bss.timer3_counter
                0x0000000020000114        0x4 ./Core/Src/software_timer.o
                0x0000000020000114                timer3_counter
 .bss.timer3_flag
                0x0000000020000118        0x4 ./Core/Src/software_timer.o
                0x0000000020000118                timer3_flag
 .bss.timer4_counter
                0x000000002000011c        0x4 ./Core/Src/software_timer.o
                0x000000002000011c                timer4_counter
 .bss.timer4_flag
                0x0000000020000120        0x4 ./Core/Src/software_timer.o
                0x0000000020000120                timer4_flag
 .bss.timer5_counter
                0x0000000020000124        0x4 ./Core/Src/software_timer.o
                0x0000000020000124                timer5_counter
 .bss.timer5_flag
                0x0000000020000128        0x4 ./Core/Src/software_timer.o
                0x0000000020000128                timer5_flag
 .bss.timer6_counter
                0x000000002000012c        0x4 ./Core/Src/software_timer.o
                0x000000002000012c                timer6_counter
 .bss.timer6_flag
                0x0000000020000130        0x4 ./Core/Src/software_timer.o
                0x0000000020000130                timer6_flag
 .bss.timer7_counter
                0x0000000020000134        0x4 ./Core/Src/software_timer.o
                0x0000000020000134                timer7_counter
 .bss.timer7_flag
                0x0000000020000138        0x4 ./Core/Src/software_timer.o
                0x0000000020000138                timer7_flag
 .bss.timer8_counter
                0x000000002000013c        0x4 ./Core/Src/software_timer.o
                0x000000002000013c                timer8_counter
 .bss.timer8_flag
                0x0000000020000140        0x4 ./Core/Src/software_timer.o
                0x0000000020000140                timer8_flag
 .bss.timer9_counter
                0x0000000020000144        0x4 ./Core/Src/software_timer.o
                0x0000000020000144                timer9_counter
 .bss.timer9_flag
                0x0000000020000148        0x4 ./Core/Src/software_timer.o
                0x0000000020000148                timer9_flag
 .bss.uwTick    0x000000002000014c        0x4 ./Drivers/STM32F1xx_HAL_Driver/Src/stm32f1xx_hal.o
                0x000000002000014c                uwTick
 *(COMMON)
                0x0000000020000150                . = ALIGN (0x4)
                0x0000000020000150                _ebss = .
                0x0000000020000150                __bss_end__ = _ebss

._user_heap_stack
                0x0000000020000150      0x600 load address 0x0000000008001e68
                0x0000000020000150                . = ALIGN (0x8)
                [!provide]                        PROVIDE (end = .)
                0x0000000020000150                PROVIDE (_end = .)
                0x0000000020000350                . = (. + _Min_Heap_Size)
 *fill*         0x0000000020000150      0x200 
                0x0000000020000750                . = (. + _Min_Stack_Size)
 *fill*         0x0000000020000350      0x400 
                0x0000000020000750                . = ALIGN (0x8)

/DISCARD/
 libc.a(*)
 libm.a(*)
 libgcc.a(*)

.ARM.attributes
                0x0000000000000000       0x29
 *(.ARM.attributes)
 .ARM.attributes
                0x0000000000000000       0x1d c:/st/stm32cubeide_1.11.0/stm32cubeide/plugins/com.st.stm32cube.ide.mcu.externaltools.gnu-tools-for-stm32.10.3-2021.10.win32_1.0.100.202210260954/tools/bin/../lib/gcc/arm-none-eabi/10.3.1/thumb/v7-m/nofp/crti.o
 .ARM.attributes
                0x000000000000001d       0x2d c:/st/stm32cubeide_1.11.0/stm32cubeide/plugins/com.st.stm32cube.ide.mcu.externaltools.gnu-tools-for-stm32.10.3-2021.10.win32_1.0.100.202210260954/tools/bin/../lib/gcc/arm-none-eabi/10.3.1/thumb/v7-m/nofp/crtbegin.o
 .ARM.attributes
                0x000000000000004a       0x2d ./Core/Src/button.o
 .ARM.attributes
                0x0000000000000077       0x2d ./Core/Src/global.o
 .ARM.attributes
                0x00000000000000a4       0x2d ./Core/Src/led_disp.o
 .ARM.attributes
                0x00000000000000d1       0x2d ./Core/Src/main.o
 .ARM.attributes
                0x00000000000000fe       0x2d ./Core/Src/software_timer.o
 .ARM.attributes
                0x000000000000012b       0x2d ./Core/Src/stm32f1xx_hal_msp.o
 .ARM.attributes
                0x0000000000000158       0x2d ./Core/Src/stm32f1xx_it.o
 .ARM.attributes
                0x0000000000000185       0x2d ./Core/Src/system_stm32f1xx.o
 .ARM.attributes
                0x00000000000001b2       0x21 ./Core/Startup/startup_stm32f103c6tx.o
 .ARM.attributes
                0x00000000000001d3       0x2d ./Drivers/STM32F1xx_HAL_Driver/Src/stm32f1xx_hal.o
 .ARM.attributes
                0x0000000000000200       0x2d ./Drivers/STM32F1xx_HAL_Driver/Src/stm32f1xx_hal_cortex.o
 .ARM.attributes
                0x000000000000022d       0x2d ./Drivers/STM32F1xx_HAL_Driver/Src/stm32f1xx_hal_gpio.o
 .ARM.attributes
                0x000000000000025a       0x2d ./Drivers/STM32F1xx_HAL_Driver/Src/stm32f1xx_hal_rcc.o
 .ARM.attributes
                0x0000000000000287       0x2d ./Drivers/STM32F1xx_HAL_Driver/Src/stm32f1xx_hal_tim.o
 .ARM.attributes
                0x00000000000002b4       0x2d ./Drivers/STM32F1xx_HAL_Driver/Src/stm32f1xx_hal_tim_ex.o
 .ARM.attributes
                0x00000000000002e1       0x2d c:/st/stm32cubeide_1.11.0/stm32cubeide/plugins/com.st.stm32cube.ide.mcu.externaltools.gnu-tools-for-stm32.10.3-2021.10.win32_1.0.100.202210260954/tools/bin/../lib/gcc/arm-none-eabi/10.3.1/../../../../arm-none-eabi/lib/thumb/v7-m/nofp\libc_nano.a(lib_a-init.o)
 .ARM.attributes
                0x000000000000030e       0x2d c:/st/stm32cubeide_1.11.0/stm32cubeide/plugins/com.st.stm32cube.ide.mcu.externaltools.gnu-tools-for-stm32.10.3-2021.10.win32_1.0.100.202210260954/tools/bin/../lib/gcc/arm-none-eabi/10.3.1/../../../../arm-none-eabi/lib/thumb/v7-m/nofp\libc_nano.a(lib_a-memset.o)
 .ARM.attributes
                0x000000000000033b       0x1d c:/st/stm32cubeide_1.11.0/stm32cubeide/plugins/com.st.stm32cube.ide.mcu.externaltools.gnu-tools-for-stm32.10.3-2021.10.win32_1.0.100.202210260954/tools/bin/../lib/gcc/arm-none-eabi/10.3.1/thumb/v7-m/nofp/crtn.o
OUTPUT(Shield Clock.elf elf32-littlearm)
LOAD linker stubs
LOAD c:/st/stm32cubeide_1.11.0/stm32cubeide/plugins/com.st.stm32cube.ide.mcu.externaltools.gnu-tools-for-stm32.10.3-2021.10.win32_1.0.100.202210260954/tools/bin/../lib/gcc/arm-none-eabi/10.3.1/../../../../arm-none-eabi/lib/thumb/v7-m/nofp\libc.a
LOAD c:/st/stm32cubeide_1.11.0/stm32cubeide/plugins/com.st.stm32cube.ide.mcu.externaltools.gnu-tools-for-stm32.10.3-2021.10.win32_1.0.100.202210260954/tools/bin/../lib/gcc/arm-none-eabi/10.3.1/../../../../arm-none-eabi/lib/thumb/v7-m/nofp\libm.a
LOAD c:/st/stm32cubeide_1.11.0/stm32cubeide/plugins/com.st.stm32cube.ide.mcu.externaltools.gnu-tools-for-stm32.10.3-2021.10.win32_1.0.100.202210260954/tools/bin/../lib/gcc/arm-none-eabi/10.3.1/thumb/v7-m/nofp\libgcc.a

.debug_info     0x0000000000000000     0x8799
 .debug_info    0x0000000000000000      0x281 ./Core/Src/button.o
 .debug_info    0x0000000000000281      0x1fb ./Core/Src/global.o
 .debug_info    0x000000000000047c      0x22d ./Core/Src/led_disp.o
 .debug_info    0x00000000000006a9      0xbf2 ./Core/Src/main.o
 .debug_info    0x000000000000129b      0x360 ./Core/Src/software_timer.o
 .debug_info    0x00000000000015fb      0x8d7 ./Core/Src/stm32f1xx_hal_msp.o
 .debug_info    0x0000000000001ed2      0x6ea ./Core/Src/stm32f1xx_it.o
 .debug_info    0x00000000000025bc      0x23d ./Core/Src/system_stm32f1xx.o
 .debug_info    0x00000000000027f9       0x22 ./Core/Startup/startup_stm32f103c6tx.o
 .debug_info    0x000000000000281b      0x716 ./Drivers/STM32F1xx_HAL_Driver/Src/stm32f1xx_hal.o
 .debug_info    0x0000000000002f31      0xb02 ./Drivers/STM32F1xx_HAL_Driver/Src/stm32f1xx_hal_cortex.o
 .debug_info    0x0000000000003a33      0x615 ./Drivers/STM32F1xx_HAL_Driver/Src/stm32f1xx_hal_gpio.o
 .debug_info    0x0000000000004048      0x860 ./Drivers/STM32F1xx_HAL_Driver/Src/stm32f1xx_hal_rcc.o
 .debug_info    0x00000000000048a8     0x29de ./Drivers/STM32F1xx_HAL_Driver/Src/stm32f1xx_hal_tim.o
 .debug_info    0x0000000000007286     0x1513 ./Drivers/STM32F1xx_HAL_Driver/Src/stm32f1xx_hal_tim_ex.o

.debug_abbrev   0x0000000000000000     0x18cc
 .debug_abbrev  0x0000000000000000      0x171 ./Core/Src/button.o
 .debug_abbrev  0x0000000000000171       0x88 ./Core/Src/global.o
 .debug_abbrev  0x00000000000001f9      0x137 ./Core/Src/led_disp.o
 .debug_abbrev  0x0000000000000330      0x26f ./Core/Src/main.o
 .debug_abbrev  0x000000000000059f       0xb0 ./Core/Src/software_timer.o
 .debug_abbrev  0x000000000000064f      0x19f ./Core/Src/stm32f1xx_hal_msp.o
 .debug_abbrev  0x00000000000007ee      0x184 ./Core/Src/stm32f1xx_it.o
 .debug_abbrev  0x0000000000000972      0x13b ./Core/Src/system_stm32f1xx.o
 .debug_abbrev  0x0000000000000aad       0x12 ./Core/Startup/startup_stm32f103c6tx.o
 .debug_abbrev  0x0000000000000abf      0x1fb ./Drivers/STM32F1xx_HAL_Driver/Src/stm32f1xx_hal.o
 .debug_abbrev  0x0000000000000cba      0x2ed ./Drivers/STM32F1xx_HAL_Driver/Src/stm32f1xx_hal_cortex.o
 .debug_abbrev  0x0000000000000fa7      0x1bb ./Drivers/STM32F1xx_HAL_Driver/Src/stm32f1xx_hal_gpio.o
 .debug_abbrev  0x0000000000001162      0x2a8 ./Drivers/STM32F1xx_HAL_Driver/Src/stm32f1xx_hal_rcc.o
 .debug_abbrev  0x000000000000140a      0x25d ./Drivers/STM32F1xx_HAL_Driver/Src/stm32f1xx_hal_tim.o
 .debug_abbrev  0x0000000000001667      0x265 ./Drivers/STM32F1xx_HAL_Driver/Src/stm32f1xx_hal_tim_ex.o

.debug_aranges  0x0000000000000000      0xa28
 .debug_aranges
                0x0000000000000000       0x30 ./Core/Src/button.o
 .debug_aranges
                0x0000000000000030       0x28 ./Core/Src/global.o
 .debug_aranges
                0x0000000000000058       0x38 ./Core/Src/led_disp.o
 .debug_aranges
                0x0000000000000090       0x48 ./Core/Src/main.o
 .debug_aranges
                0x00000000000000d8       0x68 ./Core/Src/software_timer.o
 .debug_aranges
                0x0000000000000140       0x30 ./Core/Src/stm32f1xx_hal_msp.o
 .debug_aranges
                0x0000000000000170       0x68 ./Core/Src/stm32f1xx_it.o
 .debug_aranges
                0x00000000000001d8       0x28 ./Core/Src/system_stm32f1xx.o
 .debug_aranges
                0x0000000000000200       0x28 ./Core/Startup/startup_stm32f103c6tx.o
 .debug_aranges
                0x0000000000000228       0xe0 ./Drivers/STM32F1xx_HAL_Driver/Src/stm32f1xx_hal.o
 .debug_aranges
                0x0000000000000308      0x100 ./Drivers/STM32F1xx_HAL_Driver/Src/stm32f1xx_hal_cortex.o
 .debug_aranges
                0x0000000000000408       0x58 ./Drivers/STM32F1xx_HAL_Driver/Src/stm32f1xx_hal_gpio.o
 .debug_aranges
                0x0000000000000460       0x90 ./Drivers/STM32F1xx_HAL_Driver/Src/stm32f1xx_hal_rcc.o
 .debug_aranges
                0x00000000000004f0      0x3d0 ./Drivers/STM32F1xx_HAL_Driver/Src/stm32f1xx_hal_tim.o
 .debug_aranges
                0x00000000000008c0      0x168 ./Drivers/STM32F1xx_HAL_Driver/Src/stm32f1xx_hal_tim_ex.o

.debug_ranges   0x0000000000000000      0x940
 .debug_ranges  0x0000000000000000       0x20 ./Core/Src/button.o
 .debug_ranges  0x0000000000000020       0x18 ./Core/Src/global.o
 .debug_ranges  0x0000000000000038       0x28 ./Core/Src/led_disp.o
 .debug_ranges  0x0000000000000060       0x38 ./Core/Src/main.o
 .debug_ranges  0x0000000000000098       0x58 ./Core/Src/software_timer.o
 .debug_ranges  0x00000000000000f0       0x20 ./Core/Src/stm32f1xx_hal_msp.o
 .debug_ranges  0x0000000000000110       0x58 ./Core/Src/stm32f1xx_it.o
 .debug_ranges  0x0000000000000168       0x18 ./Core/Src/system_stm32f1xx.o
 .debug_ranges  0x0000000000000180       0x20 ./Core/Startup/startup_stm32f103c6tx.o
 .debug_ranges  0x00000000000001a0       0xd0 ./Drivers/STM32F1xx_HAL_Driver/Src/stm32f1xx_hal.o
 .debug_ranges  0x0000000000000270       0xf0 ./Drivers/STM32F1xx_HAL_Driver/Src/stm32f1xx_hal_cortex.o
 .debug_ranges  0x0000000000000360       0x48 ./Drivers/STM32F1xx_HAL_Driver/Src/stm32f1xx_hal_gpio.o
 .debug_ranges  0x00000000000003a8       0x80 ./Drivers/STM32F1xx_HAL_Driver/Src/stm32f1xx_hal_rcc.o
 .debug_ranges  0x0000000000000428      0x3c0 ./Drivers/STM32F1xx_HAL_Driver/Src/stm32f1xx_hal_tim.o
 .debug_ranges  0x00000000000007e8      0x158 ./Drivers/STM32F1xx_HAL_Driver/Src/stm32f1xx_hal_tim_ex.o

.debug_macro    0x0000000000000000    0x168c4
 .debug_macro   0x0000000000000000      0x1e1 ./Core/Src/button.o
 .debug_macro   0x00000000000001e1      0xa6c ./Core/Src/button.o
 .debug_macro   0x0000000000000c4d      0x215 ./Core/Src/button.o
 .debug_macro   0x0000000000000e62       0x2e ./Core/Src/button.o
 .debug_macro   0x0000000000000e90       0x22 ./Core/Src/button.o
 .debug_macro   0x0000000000000eb2       0x22 ./Core/Src/button.o
 .debug_macro   0x0000000000000ed4       0x8e ./Core/Src/button.o
 .debug_macro   0x0000000000000f62       0x51 ./Core/Src/button.o
 .debug_macro   0x0000000000000fb3      0x103 ./Core/Src/button.o
 .debug_macro   0x00000000000010b6       0x6a ./Core/Src/button.o
 .debug_macro   0x0000000000001120      0x1df ./Core/Src/button.o
 .debug_macro   0x00000000000012ff       0x1c ./Core/Src/button.o
 .debug_macro   0x000000000000131b       0x22 ./Core/Src/button.o
 .debug_macro   0x000000000000133d       0xbd ./Core/Src/button.o
 .debug_macro   0x00000000000013fa      0xd23 ./Core/Src/button.o
 .debug_macro   0x000000000000211d     0xde75 ./Core/Src/button.o
 .debug_macro   0x000000000000ff92       0x6d ./Core/Src/button.o
 .debug_macro   0x000000000000ffff     0x3468 ./Core/Src/button.o
 .debug_macro   0x0000000000013467      0x174 ./Core/Src/button.o
 .debug_macro   0x00000000000135db       0x5c ./Core/Src/button.o
 .debug_macro   0x0000000000013637      0x5be ./Core/Src/button.o
 .debug_macro   0x0000000000013bf5      0x1b7 ./Core/Src/button.o
 .debug_macro   0x0000000000013dac      0x1cb ./Core/Src/button.o
 .debug_macro   0x0000000000013f77      0x114 ./Core/Src/button.o
 .debug_macro   0x000000000001408b      0x1b2 ./Core/Src/button.o
 .debug_macro   0x000000000001423d       0x27 ./Core/Src/button.o
 .debug_macro   0x0000000000014264      0x12f ./Core/Src/button.o
 .debug_macro   0x0000000000014393      0x1bc ./Core/Src/button.o
 .debug_macro   0x000000000001454f       0x34 ./Core/Src/button.o
 .debug_macro   0x0000000000014583       0x3c ./Core/Src/button.o
 .debug_macro   0x00000000000145bf       0x57 ./Core/Src/button.o
 .debug_macro   0x0000000000014616       0x88 ./Core/Src/button.o
 .debug_macro   0x000000000001469e      0x183 ./Core/Src/button.o
 .debug_macro   0x0000000000014821      0x141 ./Core/Src/button.o
 .debug_macro   0x0000000000014962      0x8d1 ./Core/Src/button.o
 .debug_macro   0x0000000000015233       0x69 ./Core/Src/button.o
 .debug_macro   0x000000000001529c       0xb8 ./Core/Src/button.o
 .debug_macro   0x0000000000015354       0x76 ./Core/Src/button.o
 .debug_macro   0x00000000000153ca       0x16 ./Core/Src/button.o
 .debug_macro   0x00000000000153e0      0x1d7 ./Core/Src/global.o
 .debug_macro   0x00000000000155b7      0x1e1 ./Core/Src/led_disp.o
 .debug_macro   0x0000000000015798      0x1ef ./Core/Src/main.o
 .debug_macro   0x0000000000015987       0x1b ./Core/Src/software_timer.o
 .debug_macro   0x00000000000159a2      0x1a7 ./Core/Src/stm32f1xx_hal_msp.o
 .debug_macro   0x0000000000015b49      0x1b1 ./Core/Src/stm32f1xx_it.o
 .debug_macro   0x0000000000015cfa      0x198 ./Core/Src/system_stm32f1xx.o
 .debug_macro   0x0000000000015e92      0x1bc ./Drivers/STM32F1xx_HAL_Driver/Src/stm32f1xx_hal.o
 .debug_macro   0x000000000001604e      0x198 ./Drivers/STM32F1xx_HAL_Driver/Src/stm32f1xx_hal_cortex.o
 .debug_macro   0x00000000000161e6      0x203 ./Drivers/STM32F1xx_HAL_Driver/Src/stm32f1xx_hal_gpio.o
 .debug_macro   0x00000000000163e9      0x1aa ./Drivers/STM32F1xx_HAL_Driver/Src/stm32f1xx_hal_rcc.o
 .debug_macro   0x0000000000016593      0x199 ./Drivers/STM32F1xx_HAL_Driver/Src/stm32f1xx_hal_tim.o
 .debug_macro   0x000000000001672c      0x198 ./Drivers/STM32F1xx_HAL_Driver/Src/stm32f1xx_hal_tim_ex.o

.debug_line     0x0000000000000000     0xad0a
 .debug_line    0x0000000000000000      0x71d ./Core/Src/button.o
 .debug_line    0x000000000000071d      0x6bb ./Core/Src/global.o
 .debug_line    0x0000000000000dd8      0xad1 ./Core/Src/led_disp.o
 .debug_line    0x00000000000018a9      0x7d5 ./Core/Src/main.o
 .debug_line    0x000000000000207e      0x225 ./Core/Src/software_timer.o
 .debug_line    0x00000000000022a3      0x69c ./Core/Src/stm32f1xx_hal_msp.o
 .debug_line    0x000000000000293f      0x73c ./Core/Src/stm32f1xx_it.o
 .debug_line    0x000000000000307b      0x6e0 ./Core/Src/system_stm32f1xx.o
 .debug_line    0x000000000000375b       0x87 ./Core/Startup/startup_stm32f103c6tx.o
 .debug_line    0x00000000000037e2      0x90d ./Drivers/STM32F1xx_HAL_Driver/Src/stm32f1xx_hal.o
 .debug_line    0x00000000000040ef      0xaf5 ./Drivers/STM32F1xx_HAL_Driver/Src/stm32f1xx_hal_cortex.o
 .debug_line    0x0000000000004be4      0x98f ./Drivers/STM32F1xx_HAL_Driver/Src/stm32f1xx_hal_gpio.o
 .debug_line    0x0000000000005573      0xd1b ./Drivers/STM32F1xx_HAL_Driver/Src/stm32f1xx_hal_rcc.o
 .debug_line    0x000000000000628e     0x3279 ./Drivers/STM32F1xx_HAL_Driver/Src/stm32f1xx_hal_tim.o
 .debug_line    0x0000000000009507     0x1803 ./Drivers/STM32F1xx_HAL_Driver/Src/stm32f1xx_hal_tim_ex.o

.debug_str      0x0000000000000000    0x82098
 .debug_str     0x0000000000000000    0x7f41f ./Core/Src/button.o
                                      0x7f74c (size before relaxing)
 .debug_str     0x000000000007f41f       0x92 ./Core/Src/global.o
                                      0x7f6fa (size before relaxing)
 .debug_str     0x000000000007f4b1       0x83 ./Core/Src/led_disp.o
                                      0x7f74b (size before relaxing)
 .debug_str     0x000000000007f534      0x7c7 ./Core/Src/main.o
                                      0x7ff6c (size before relaxing)
 .debug_str     0x000000000007fcfb      0x173 ./Core/Src/software_timer.o
                                       0x2dfe (size before relaxing)
 .debug_str     0x000000000007fe6e      0x2d2 ./Core/Src/stm32f1xx_hal_msp.o
                                      0x7fd53 (size before relaxing)
 .debug_str     0x0000000000080140       0xec ./Core/Src/stm32f1xx_it.o
                                      0x7fabc (size before relaxing)
 .debug_str     0x000000000008022c       0x88 ./Core/Src/system_stm32f1xx.o
                                      0x7f35e (size before relaxing)
 .debug_str     0x00000000000802b4       0x36 ./Core/Startup/startup_stm32f103c6tx.o
                                         0x5c (size before relaxing)
 .debug_str     0x00000000000802ea      0x38e ./Drivers/STM32F1xx_HAL_Driver/Src/stm32f1xx_hal.o
                                      0x7fa57 (size before relaxing)
 .debug_str     0x0000000000080678      0x29e ./Drivers/STM32F1xx_HAL_Driver/Src/stm32f1xx_hal_cortex.o
                                      0x7f9a3 (size before relaxing)
 .debug_str     0x0000000000080916      0x2f6 ./Drivers/STM32F1xx_HAL_Driver/Src/stm32f1xx_hal_gpio.o
                                      0x7f6e4 (size before relaxing)
 .debug_str     0x0000000000080c0c      0x229 ./Drivers/STM32F1xx_HAL_Driver/Src/stm32f1xx_hal_rcc.o
                                      0x7f78d (size before relaxing)
 .debug_str     0x0000000000080e35      0xdd0 ./Drivers/STM32F1xx_HAL_Driver/Src/stm32f1xx_hal_tim.o
                                      0x80778 (size before relaxing)
 .debug_str     0x0000000000081c05      0x493 ./Drivers/STM32F1xx_HAL_Driver/Src/stm32f1xx_hal_tim_ex.o
                                      0x7ff94 (size before relaxing)

.comment        0x0000000000000000       0x50
 .comment       0x0000000000000000       0x50 ./Core/Src/button.o
                                         0x51 (size before relaxing)
 .comment       0x0000000000000050       0x51 ./Core/Src/global.o
 .comment       0x0000000000000050       0x51 ./Core/Src/led_disp.o
 .comment       0x0000000000000050       0x51 ./Core/Src/main.o
 .comment       0x0000000000000050       0x51 ./Core/Src/software_timer.o
 .comment       0x0000000000000050       0x51 ./Core/Src/stm32f1xx_hal_msp.o
 .comment       0x0000000000000050       0x51 ./Core/Src/stm32f1xx_it.o
 .comment       0x0000000000000050       0x51 ./Core/Src/system_stm32f1xx.o
 .comment       0x0000000000000050       0x51 ./Drivers/STM32F1xx_HAL_Driver/Src/stm32f1xx_hal.o
 .comment       0x0000000000000050       0x51 ./Drivers/STM32F1xx_HAL_Driver/Src/stm32f1xx_hal_cortex.o
 .comment       0x0000000000000050       0x51 ./Drivers/STM32F1xx_HAL_Driver/Src/stm32f1xx_hal_gpio.o
 .comment       0x0000000000000050       0x51 ./Drivers/STM32F1xx_HAL_Driver/Src/stm32f1xx_hal_rcc.o
 .comment       0x0000000000000050       0x51 ./Drivers/STM32F1xx_HAL_Driver/Src/stm32f1xx_hal_tim.o
 .comment       0x0000000000000050       0x51 ./Drivers/STM32F1xx_HAL_Driver/Src/stm32f1xx_hal_tim_ex.o

.debug_frame    0x0000000000000000     0x28cc
 .debug_frame   0x0000000000000000       0x84 ./Core/Src/button.o
 .debug_frame   0x0000000000000084       0x50 ./Core/Src/global.o
 .debug_frame   0x00000000000000d4       0x94 ./Core/Src/led_disp.o
 .debug_frame   0x0000000000000168       0xd4 ./Core/Src/main.o
 .debug_frame   0x000000000000023c      0x198 ./Core/Src/software_timer.o
 .debug_frame   0x00000000000003d4       0x80 ./Core/Src/stm32f1xx_hal_msp.o
 .debug_frame   0x0000000000000454      0x120 ./Core/Src/stm32f1xx_it.o
 .debug_frame   0x0000000000000574       0x58 ./Core/Src/system_stm32f1xx.o
 .debug_frame   0x00000000000005cc      0x334 ./Drivers/STM32F1xx_HAL_Driver/Src/stm32f1xx_hal.o
 .debug_frame   0x0000000000000900      0x428 ./Drivers/STM32F1xx_HAL_Driver/Src/stm32f1xx_hal_cortex.o
 .debug_frame   0x0000000000000d28      0x14c ./Drivers/STM32F1xx_HAL_Driver/Src/stm32f1xx_hal_gpio.o
 .debug_frame   0x0000000000000e74      0x21c ./Drivers/STM32F1xx_HAL_Driver/Src/stm32f1xx_hal_rcc.o
 .debug_frame   0x0000000000001090     0x11b8 ./Drivers/STM32F1xx_HAL_Driver/Src/stm32f1xx_hal_tim.o
 .debug_frame   0x0000000000002248      0x638 ./Drivers/STM32F1xx_HAL_Driver/Src/stm32f1xx_hal_tim_ex.o
 .debug_frame   0x0000000000002880       0x2c c:/st/stm32cubeide_1.11.0/stm32cubeide/plugins/com.st.stm32cube.ide.mcu.externaltools.gnu-tools-for-stm32.10.3-2021.10.win32_1.0.100.202210260954/tools/bin/../lib/gcc/arm-none-eabi/10.3.1/../../../../arm-none-eabi/lib/thumb/v7-m/nofp\libc_nano.a(lib_a-init.o)
 .debug_frame   0x00000000000028ac       0x20 c:/st/stm32cubeide_1.11.0/stm32cubeide/plugins/com.st.stm32cube.ide.mcu.externaltools.gnu-tools-for-stm32.10.3-2021.10.win32_1.0.100.202210260954/tools/bin/../lib/gcc/arm-none-eabi/10.3.1/../../../../arm-none-eabi/lib/thumb/v7-m/nofp\libc_nano.a(lib_a-memset.o)
